# 原始日志模板 — 复制为 docs/verification/logs/<id>.log
#
# 日志协议（强制，见 ../../skill-dev-workflow.md「日志协议」）：
#   - 命令原样记录，一条一段；token 等凭证脱敏为 <TOKEN>，其余不改写
#   - 完整输出照录，成功与失败都要记，不截断关键部分
#   - 每条命令记退出码 [exit N]
#   - 禁止 && echo ok / || true / 2>/dev/null 等掩盖失败、吞错误输出的写法
#   - 报告里每段「实际输出摘录」都应能在此找到对应原文
# 填好后删除本说明头部（# 开头的这几行）再提交。
# ============================================================

## 环境
zsxq-cli 版本：vX.Y.Z
测试日期：YYYY-MM-DD
测试对象：星球名 group_id=... / topic_id=...

## [用例 1] 正常路径
$ zsxq-cli ...
<完整输出原样粘贴>
[exit 0]

## [用例 2] 关键参数 X
$ zsxq-cli ...
<完整输出原样粘贴>
[exit 0]

## [用例 3] 特有错误 Y（失败也照录，不掩盖）
$ zsxq-cli ...
<完整错误输出原样粘贴，含 error/code/message>
[exit 1]

## [写操作复原验证]（自复原策略必留）
$ zsxq-cli ... 复原命令
<输出>
[exit 0]
$ zsxq-cli ... 复原后再读一次
<输出，证明已还原为原值>
[exit 0]
