==============================================================================
验证原始日志 — care-expiring-members（到期成员续费关怀）
==============================================================================
日志协议：命令原样、输出照录（成功与失败都记）、每条命令记 [exit N]；
token 等凭证已脱敏为 <TOKEN>；禁止 && echo ok / || true / 2>/dev/null 掩盖失败。
报告 docs/verification/care-expiring-members.md 每段「实际摘录」均可在此找到原文。

环境：zsxq-cli 0.4.9 / macOS / python3 3.12.4
日期：2026-07-29
星球：758421284（研发测试）；操作者 Pigrun user_id=748118287（admin+partner，非 owner）
写操作授权：用户 2026-07-28 一次性授权「研发测试 758421284 可发布/POST/PUT」，仅限本星球；
           写策略=仅在自建一次性主题上操作，测完 DELETE 清理（群级净零）。
==============================================================================



## care-expiring-members：验证免费星球/非星主 expired_time 缺失（不适用分支）

$ zsxq-cli api raw --method GET --path /v2/groups/758421284/members --query '{"scope":"regular","sort":"expired_time","order":"asc","begin_time":"2026-07-29T17:02:54.000+0800","end_time":"2026-08-12T17:02:54.000+0800","count":50}'
{
  "body": {
    "resp_data": {
      "members": []
    },
    "succeeded": true
  },
  "status_code": 200,
  "success": true
}
[exit 0]

### 追加：拉常规成员（不加时间过滤），确认 expired_time 字段是否可见

$ zsxq-cli api raw --method GET --path /v2/groups/758421284/members --query '{"scope":"regular","count":5}'
{
  "body": {
    "resp_data": {
      "members": [
        {
          "avatar_url": "https://images.zsxq.com/Fki0taWatDoA_smuiw9sA1shse3v?imageMogr2/auto-orient/thumbnail/150x/format/jpg/blur/1x0/quality/75/ignore-error/1\u0026e=1788191999\u0026token=<TOKEN>",
          "group_id": 758421284,
          "isolated": false,
          "join_time": "2026-06-08T14:59:06.757+0800",
          "location": "广东",
          "login_time": "2026-07-29T16:27:59.302+0800",
          "name": "明明",
          "number": 66,
          "status": "joined",
          "update_time": "2026-06-08T14:59:07.296+0800",
          "user_id": 814545221114542
        },
        {
          "avatar_url": "https://images.zsxq.com/FrvSZTe8li8FJ0mbtPFQ50Lv4ui1?imageMogr2/auto-orient/thumbnail/150x/format/jpg/blur/1x0/quality/75/ignore-error/1\u0026e=1788191999\u0026token=<TOKEN>",
          "group_id": 758421284,
          "isolated": false,
          "join_time": "2026-06-03T17:26:16.276+0800",
          "location": "广东",
          "login_time": "2026-07-29T16:39:18.282+0800",
          "name": "Cai-_--",
          "number": 65,
          "status": "joined",
          "update_time": "2026-06-03T17:26:16.803+0800",
          "user_id": 185454555452252
        },
        {
          "avatar_url": "https://images.zsxq.com/FmnG9F954nKkcShqTKBnrYV4yVCi?imageMogr2/auto-orient/thumbnail/150x/format/jpg/blur/1x0/quality/75/ignore-error/1\u0026e=1788191999\u0026token=<TOKEN>",
          "group_id": 758421284,
          "isolated": false,
          "join_time": "2025-10-30T14:17:07.386+0800",
          "location": "广东",
          "login_time": "2026-07-29T11:15:00.058+0800",
          "name": "明明",
          "number": 64,
          "status": "joined",
          "update_time": "2025-10-30T14:17:08.541+0800",
          "user_id": 88884525288182
        },
        {
          "avatar_url": "https://images.zsxq.com/Fq_WHJB3AV3a4MjRBFxb7dqu92UW?imageMogr2/auto-orient/thumbnail/150x/format/jpg/blur/1x0/quality/75/ignore-error/1\u0026e=1788191999\u0026token=<TOKEN>",
          "expired_time": "1972-01-01T08:00:00.000+0800",
          "group_id": 758421284,
          "isolated": false,
          "join_time": "2025-06-03T11:08:30.820+0800",
          "location": "广东",
          "login_time": "2025-12-08T13:37:53.084+0800",
          "name": "一隅",
          "number": 63,
          "status": "joined",
          "update_time": "2026-06-01T17:38:21.101+0800",
          "user_id": 418888551241128
        },
        {
          "avatar_url": "https://images.zsxq.com/FhUVQfwSIIOFI8UZTp9_ezV2siy-?imageMogr2/auto-orient/thumbnail/150x/format/jpg/blur/1x0/quality/75/ignore-error/1\u0026e=1788191999\u0026token=<TOKEN>",
          "group_id": 758421284,
          "isolated": false,
          "join_time": "2024-07-17T14:43:50.114+0800",
          "location": "广东",
          "login_time": "2026-07-27T17:39:32.806+0800",
          "name": "EdwardZhan",
          "number": 62,
          "status": "joined",
          "update_time": "2026-03-06T16:40:57.128+0800",
          "user_id": 812511414814552
        }
      ]
    },
    "succeeded": true
  },
  "status_code": 200,
  "success": true
}
[exit 0]

