==============================================================================
验证原始日志 — compose-operations-report（撰写运营复盘报告）
==============================================================================
日志协议：命令原样、输出照录（成功与失败都记）、每条命令记 [exit N]；
token 等凭证已脱敏为 <TOKEN>；禁止 && echo ok / || true / 2>/dev/null 掩盖失败。
报告 docs/verification/compose-operations-report.md 每段「实际摘录」均可在此找到原文。

环境：zsxq-cli 0.4.9 / macOS / python3 3.12.4
日期：2026-07-29
星球：758421284（研发测试）；操作者 Pigrun user_id=748118287（admin+partner，非 owner）
写操作授权：用户 2026-07-28 一次性授权「研发测试 758421284 可发布/POST/PUT」，仅限本星球；
           写策略=仅在自建一次性主题上操作，测完 DELETE 清理（群级净零）。
==============================================================================



## 写操作授权来源：用户 2026-07-28 一次性授权「研发测试 758421284 可发布/POST/PUT」
## 策略：仅在自建一次性 talk 主题上操作，测完 DELETE 清理（群级净零）

$ zsxq-cli topic +create --group-id 758421284 --text 【自动化验证·可删】skill\ 场景回归测试主题\ A\ —\ 用于\ tags/digest/column/reply\ 写机制验证，测完即删。2026-07-28 --json
✓ Topic created
{
  "success": true,
  "topic": {
    "create_time": "2026-07-29T16:47:44.679+0800",
    "text": "【自动化验证·可删】skill 场景回归测试主题 A — 用于 tags/digest/column/reply 写机制验证，测完即删。2026-07-28",
    "title": "",
    "topic_id": "55522441448144114"
  }
}
[exit 0]


## compose-operations-report：topic +create 发布运营日报帖（自己内容，测完删除）

$ zsxq-cli topic +create --group-id 758421284 --text 【自动化验证·可删】研发测试\ 运营日报\ 2026-07-28$'\n'概览：近期主题\ 10\ 条，其中\ talk\ 8\ /\ q\&a\ 2；评论活跃主题「文件」\(7\ 评\)。$'\n'待办：3\ 条跨星球未答提问（见提问管理）。$'\n'—\ 本帖为\ skill\ 回归测试自动生成，测完即删。 --json
✓ Topic created
{
  "success": true,
  "topic": {
    "create_time": "2026-07-29T17:00:04.840+0800",
    "text": "【自动化验证·可删】研发测试 运营日报 2026-07-28\n概览：近期主题 10 条，其中 talk 8 / q&a 2；评论活跃主题「文件」(7 评)。\n待办：3 条跨星球未答提问（见提问管理）。\n— 本帖为 skill 回归测试自动生成，测完即删。",
    "title": "",
    "topic_id": "55522441481241154"
  }
}
[exit 0]


## 清理：删除本次全部一次性主题，恢复星球净零（同时验证 api raw DELETE 路径）
### 删除主题 B（运营日报帖 55522441481241154）

$ zsxq-cli api raw --method DELETE --path /v2/topics/55522441481241154
{
  "body": {
    "resp_data": {},
    "succeeded": true
  },
  "status_code": 200,
  "success": true
}
[exit 0]

### 删除主题 A（回归主题 55522441448144114，级联其 2 条评论 + 标签）

$ zsxq-cli api raw --method DELETE --path /v2/topics/55522441448144114
{
  "body": {
    "resp_data": {},
    "succeeded": true
  },
  "status_code": 200,
  "success": true
}
[exit 0]

### 复原验证：重新拉主题，确认 A/B 均已消失（net-zero）

$ zsxq-cli group +topics --group-id 758421284 --limit 5 --json | python3 -c 'import sys,json; d=json.load(sys.stdin); ids=[t["topic_id"] for t in d["topics_brief"]]; print("当前前5主题 topic_id:", ids); print("A(55522441448144114) 存在?", "55522441448144114" in ids); print("B(55522441481241154) 存在?", "55522441481241154" in ids)'
当前前5主题 topic_id: ['14422151554128522', '82255242821881882', '82255225551824582', '14422442228248252', '45544554441458258']
A(55522441448144114) 存在? False
B(55522441481241154) 存在? False
[exit 0]

