==============================================================================
验证原始日志 — manage-inbound-questions（提问箱管理）
==============================================================================
日志协议：命令原样、输出照录（成功与失败都记）、每条命令记 [exit N]；
token 等凭证已脱敏为 <TOKEN>；禁止 && echo ok / || true / 2>/dev/null 掩盖失败。
报告 docs/verification/manage-inbound-questions.md 每段「实际摘录」均可在此找到原文。

环境：zsxq-cli 0.4.9 / macOS / python3 3.12.4
日期：2026-07-29
星球：758421284（研发测试）；操作者 Pigrun user_id=748118287（admin+partner，非 owner）
写操作授权：用户 2026-07-28 一次性授权「研发测试 758421284 可发布/POST/PUT」，仅限本星球；
           写策略=仅在自建一次性主题上操作，测完 DELETE 清理（群级净零）。
==============================================================================



## manage-inbound-questions 检测（只读）

$ zsxq-cli api call get_self_answer_topics --params '{"topic_filter":"unanswered","count":20}'
{
  "count": 3,
  "has_more": true,
  "next_end_time": "2026-04-20T22:09:18.679+0800",
  "success": true,
  "topics_brief": [
    {
      "annotation": "",
      "content": "问题：Token \"永久有效\"的安全隐患：没有刷新机制和撤销入口？\n\n  zsxq-shared/SKILL.md 说 token \"永久有效\"（存储在系统 Keychain 中），而安全规则仅提到\"禁止明文输出或分享\"。但文档没有提到任何\n  token 轮换（rotation）、过期、或主动撤销（revoke）机制。auth logout 的小节标题写的是\"退出登录\"，但下面的命令示例却是 zsxq-cli\n  doctor（配置诊断），logout 的实际命令似乎漏写了。一个永不过期且无法主动撤销的 OAuth token\n  存在严重的安全风险——如果用户设备丢失或 token 泄露，用户如何废止该凭证？平台侧是否有撤销入口？",
      "counts": {
        "comments": 0,
        "likes": 0,
        "readers": 2,
        "reading": 1,
        "rewards": 0
      },
      "create_time": "2026-04-20T22:31:33.373+0800",
      "digested": false,
      "files": [],
      "group": {
        "group_id": "5445844144",
        "name": "猿圈"
      },
      "images": [],
      "modify_time": "",
      "owner": {
        "alias": null,
        "avatar_url": "https://images.zsxq.com/FqvvZ-8MenYgpGmokoGhghGIvx5L?imageMogr2/auto-orient/thumbnail/150x/format/jpg/blur/1x0/quality/75/ignore-error/1\u0026e=1788191999\u0026token=<TOKEN>",
        "name": "花火",
        "user_id": "1485815482"
      },
      "title": "Token \"永久有效\"的安全...",
      "topic_id": "55522112288555454",
      "type": "q\u0026a"
    },
    {
      "annotation": "",
      "content": "问题：关于 API 权限壁垒：内容访问需要星主授权的设计是否会被调整？                                                                 \n                                                                                                                                 \n  目前 Issues #1 和 #2                                                                                                           \n  都反映了同一个核心问题：用户即使已经加入（甚至付费加入）了某个星球，浏览主题、搜索内容等操作仍然需要星主额外授权 API           \n  访问。这使得工具对普通用户几乎不可用。这个权限策略是平台层面的限制还是 CLI 的实现选择？是否有计划将\"已加入星球\"等同于\"已授权   \n  API 读取\"？",
      "counts": {
        "comments": 0,
        "likes": 0,
        "readers": 2,
        "reading": 1,
        "rewards": 0
      },
      "create_time": "2026-04-20T22:25:06.302+0800",
      "digested": false,
      "files": [],
      "group": {
        "group_id": "5445844144",
        "name": "猿圈"
      },
      "images": [],
      "modify_time": "",
      "owner": {
        "alias": null,
        "avatar_url": "https://images.zsxq.com/FqvvZ-8MenYgpGmokoGhghGIvx5L?imageMogr2/auto-orient/thumbnail/150x/format/jpg/blur/1x0/quality/75/ignore-error/1\u0026e=1788191999\u0026token=<TOKEN>",
        "name": "花火",
        "user_id": "1485815482"
      },
      "title": "关于 API 权限壁垒：内容访...",
      "topic_id": "14422552284111482",
      "type": "q\u0026a"
    },
    {
      "annotation": "",
      "content": "问题：笔记（Note）功能为何不支持编辑和删除？                                                                                      \n                                                                                                                                 \n  zsxq-note-create.md 明确说明笔记创建后无法编辑或删除，且只支持纯文本（不支持图片和富文本）。这是底层 API 的限制还是 CLI        \n  尚未封装？一个不可修改、不可删除的笔记系统在实际使用中价值有限——如果 AI Agent                                                  \n  帮用户创建了一条有误的笔记，用户将无法通过工具修正它，这是否与 SKILL.md\n  中强调的\"写操作需确认\"安全理念相矛盾（确认机制的前提是错误可挽回）？",
      "counts": {
        "comments": 0,
        "likes": 0,
        "readers": 2,
        "reading": 1,
        "rewards": 0
      },
      "create_time": "2026-04-20T22:09:18.679+0800",
      "digested": false,
      "files": [],
      "group": {
        "group_id": "5445844144",
        "name": "猿圈"
      },
      "images": [],
      "modify_time": "",
      "owner": {
        "alias": null,
        "avatar_url": "https://images.zsxq.com/FqvvZ-8MenYgpGmokoGhghGIvx5L?imageMogr2/auto-orient/thumbnail/150x/format/jpg/blur/1x0/quality/75/ignore-error/1\u0026e=1788191999\u0026token=<TOKEN>",
        "name": "花火",
        "user_id": "1485815482"
      },
      "title": "笔记（Note）功能为何不支持...",
      "topic_id": "82255885512252512",
      "type": "q\u0026a"
    }
  ]
}
[exit 0]

